първи
втори
трети
четвърти
пети
шести
седми
осми
девети
десети
единадесети
дванадесети
тринадесети
четиринадесети
петнадесети
шестнадесети
седемнадесети
осемнадесети
деветнадесети
двадесети
Двадесет и първи
двадесет секунди
двадесет и трети
двадесет и четвърти
двадесет и пета
двадесет и шести
двадесет и седми
двадесет и осми
двадесет и девета
тридесети
тридесет и първи
четиридесети
петдесети
шейсети
седемдесети
осемдесети
деветдесети
стотен
петстотин
хиляден
хиляда и петстотин
сто хилядна
милионен
първа
втора
трета
четвърта
пета
шеста
седма
осма
девета
десета
единадесета
дванадесета
тринадесета
четиринадесета
петнадесета
шестнадесета
седемнадесета
осемнадесета
деветнадесета
двадесета
Двадесет и първа
двадесет и втора
двадесет и трета
двадесет и четвърта
двадесет и пета
двадесет и шеста
двадесет и седма
двадесет и осма
двадесет и девета
тридесета
тридесет и първа
четиридесета
петдесета
шейсета
седемдесета
осемдесета
деветдесета
стотна
петстотин
хилядна
хиляда и петстотин
сто хилядна
милионна
първо
второ
трето
четвърто
пето
шесто
седмо
осмо
девето
десето
единадесето
дванадесето
тринадесето
четиринадесето
петнадесето
шестнадесето
седемнадесето
осемнадесето
деветнадесето
двадесето
Двадесет и първо
двадесет и второ
двадесет и трето
двадесет и четвърто
двадесет и пето
двадесет и шесто
двадесет и седмо
двадесет и осмо
двадесет и девето
тридесето
тридесет и първо
четиридесето
петдесето
шейсето
седемдесето
осемдесето
деветдесето
стотно
петстотно
хилядно
хиляда и петстотно
сто хилядно
милионно
